// Jest Snapshot v1, https://goo.gl/fbAQLP

exports[`renders Header without crashing 1`] = `
<Fragment>
  <h1
    className="f1"
  >
    RoboFriends
  </h1>
  <CounterButton />
</Fragment>
`;
